// Jest Snapshot v1, https://goo.gl/fbAQLP

exports[`<KeywordInput /> 키워드 입력 시 검색된 키워드를 보여준다. 1`] = `
{
  "asFragment": [Function],
  "baseElement": <body>
    <div>
      <div
        class="flex flex-col"
      >
        <form
          class="flex"
        >
          <input
            class="focus:outline-none border-b px-2 py-1 text-sm md:w-80 sm:w-72 w-64 rounded-none"
            id="keywordInput"
            placeholder="#맛집, #카페, #숙소 등의 키워드를 입력해주세요 :)"
            type="text"
            value="맛집"
          />
          <button
            class="border-b text-sm text-primary w-8 h-8"
            type="submit"
          >
            <svg
              class="w-full h-full p-2 false"
              fill="currentColor"
              height="1em"
              stroke="currentColor"
              stroke-width="0"
              viewBox="0 0 1024 1024"
              width="1em"
              xmlns="http://www.w3.org/2000/svg"
            >
              <path
                d="M482 152h60q8 0 8 8v704q0 8-8 8h-60q-8 0-8-8V160q0-8 8-8Z"
              />
              <path
                d="M192 474h672q8 0 8 8v60q0 8-8 8H160q-8 0-8-8v-60q0-8 8-8Z"
              />
            </svg>
          </button>
        </form>
        <div
          class="md:w-80 sm:w-72 w-64 relative"
        >
          <ul
            class="absolute left-0 w-full border rounded-md bg-white z-50 
      top-0"
          >
            <li
              class="py-1 hover:bg-gray-200 px-3 text-sm"
            >
              <span
                class="border rounded-full text-secondary 
      text-xs px-2 py-0.5 bg-white"
              >
                제주 맛집
              </span>
            </li>
            <li
              class="py-1 hover:bg-gray-200 px-3 text-sm"
            >
              <span
                class="border rounded-full text-secondary 
      text-xs px-2 py-0.5 bg-white"
              >
                맛집
              </span>
            </li>
          </ul>
        </div>
      </div>
    </div>
  </body>,
  "container": <div>
    <div
      class="flex flex-col"
    >
      <form
        class="flex"
      >
        <input
          class="focus:outline-none border-b px-2 py-1 text-sm md:w-80 sm:w-72 w-64 rounded-none"
          id="keywordInput"
          placeholder="#맛집, #카페, #숙소 등의 키워드를 입력해주세요 :)"
          type="text"
          value="맛집"
        />
        <button
          class="border-b text-sm text-primary w-8 h-8"
          type="submit"
        >
          <svg
            class="w-full h-full p-2 false"
            fill="currentColor"
            height="1em"
            stroke="currentColor"
            stroke-width="0"
            viewBox="0 0 1024 1024"
            width="1em"
            xmlns="http://www.w3.org/2000/svg"
          >
            <path
              d="M482 152h60q8 0 8 8v704q0 8-8 8h-60q-8 0-8-8V160q0-8 8-8Z"
            />
            <path
              d="M192 474h672q8 0 8 8v60q0 8-8 8H160q-8 0-8-8v-60q0-8 8-8Z"
            />
          </svg>
        </button>
      </form>
      <div
        class="md:w-80 sm:w-72 w-64 relative"
      >
        <ul
          class="absolute left-0 w-full border rounded-md bg-white z-50 
      top-0"
        >
          <li
            class="py-1 hover:bg-gray-200 px-3 text-sm"
          >
            <span
              class="border rounded-full text-secondary 
      text-xs px-2 py-0.5 bg-white"
            >
              제주 맛집
            </span>
          </li>
          <li
            class="py-1 hover:bg-gray-200 px-3 text-sm"
          >
            <span
              class="border rounded-full text-secondary 
      text-xs px-2 py-0.5 bg-white"
            >
              맛집
            </span>
          </li>
        </ul>
      </div>
    </div>
  </div>,
  "debug": [Function],
  "findAllByAltText": [Function],
  "findAllByDisplayValue": [Function],
  "findAllByLabelText": [Function],
  "findAllByPlaceholderText": [Function],
  "findAllByRole": [Function],
  "findAllByTestId": [Function],
  "findAllByText": [Function],
  "findAllByTitle": [Function],
  "findByAltText": [Function],
  "findByDisplayValue": [Function],
  "findByLabelText": [Function],
  "findByPlaceholderText": [Function],
  "findByRole": [Function],
  "findByTestId": [Function],
  "findByText": [Function],
  "findByTitle": [Function],
  "getAllByAltText": [Function],
  "getAllByDisplayValue": [Function],
  "getAllByLabelText": [Function],
  "getAllByPlaceholderText": [Function],
  "getAllByRole": [Function],
  "getAllByTestId": [Function],
  "getAllByText": [Function],
  "getAllByTitle": [Function],
  "getByAltText": [Function],
  "getByDisplayValue": [Function],
  "getByLabelText": [Function],
  "getByPlaceholderText": [Function],
  "getByRole": [Function],
  "getByTestId": [Function],
  "getByText": [Function],
  "getByTitle": [Function],
  "queryAllByAltText": [Function],
  "queryAllByDisplayValue": [Function],
  "queryAllByLabelText": [Function],
  "queryAllByPlaceholderText": [Function],
  "queryAllByRole": [Function],
  "queryAllByTestId": [Function],
  "queryAllByText": [Function],
  "queryAllByTitle": [Function],
  "queryByAltText": [Function],
  "queryByDisplayValue": [Function],
  "queryByLabelText": [Function],
  "queryByPlaceholderText": [Function],
  "queryByRole": [Function],
  "queryByTestId": [Function],
  "queryByText": [Function],
  "queryByTitle": [Function],
  "rerender": [Function],
  "unmount": [Function],
}
`;
