// Jest Snapshot v1, https://goo.gl/fbAQLP

exports[`<HomeMap /> 지역별 게시글 수를 보여준다. 1`] = `
{
  "asFragment": [Function],
  "baseElement": <body>
    <div>
      <section
        class="flex flex-col items-center"
      >
        <ul
          class="flex justify-around items-center lg:gap-4 md:gap-3 gap-2"
        >
          <li
            class="flex justify-center items-center md:gap-2 gap-1 md:py-2.5 sm:py-2 py-1.5 md:w-40 sm:w-28 w-20 cursor-pointer rounded-full border text-gray-900 md:text-base text-sm border-spring bg-spring"
          >
            <img
              alt="봄 아이콘"
              class="md:w-7 md:h-7 w-5 h-5"
              data-nimg="1"
              decoding="async"
              height="25"
              loading="lazy"
              src="/_next/image?url=%2Fimg.jpg&w=64&q=75"
              srcset="/_next/image?url=%2Fimg.jpg&w=32&q=75 1x, /_next/image?url=%2Fimg.jpg&w=64&q=75 2x"
              style="color: transparent;"
              width="25"
            />
            <span>
              봄
            </span>
          </li>
          <li
            class="flex justify-center items-center md:gap-2 gap-1 md:py-2.5 sm:py-2 py-1.5 md:w-40 sm:w-28 w-20 cursor-pointer rounded-full border text-gray-900 md:text-base text-sm bg-white"
          >
            <img
              alt="여름 아이콘"
              class="md:w-7 md:h-7 w-5 h-5"
              data-nimg="1"
              decoding="async"
              height="25"
              loading="lazy"
              src="/_next/image?url=%2Fimg.jpg&w=64&q=75"
              srcset="/_next/image?url=%2Fimg.jpg&w=32&q=75 1x, /_next/image?url=%2Fimg.jpg&w=64&q=75 2x"
              style="color: transparent;"
              width="25"
            />
            <span>
              여름
            </span>
          </li>
          <li
            class="flex justify-center items-center md:gap-2 gap-1 md:py-2.5 sm:py-2 py-1.5 md:w-40 sm:w-28 w-20 cursor-pointer rounded-full border text-gray-900 md:text-base text-sm bg-white"
          >
            <img
              alt="가을 아이콘"
              class="md:w-7 md:h-7 w-5 h-5"
              data-nimg="1"
              decoding="async"
              height="25"
              loading="lazy"
              src="/_next/image?url=%2Fimg.jpg&w=64&q=75"
              srcset="/_next/image?url=%2Fimg.jpg&w=32&q=75 1x, /_next/image?url=%2Fimg.jpg&w=64&q=75 2x"
              style="color: transparent;"
              width="25"
            />
            <span>
              가을
            </span>
          </li>
          <li
            class="flex justify-center items-center md:gap-2 gap-1 md:py-2.5 sm:py-2 py-1.5 md:w-40 sm:w-28 w-20 cursor-pointer rounded-full border text-gray-900 md:text-base text-sm bg-white"
          >
            <img
              alt="겨울 아이콘"
              class="md:w-7 md:h-7 w-5 h-5"
              data-nimg="1"
              decoding="async"
              height="25"
              loading="lazy"
              src="/_next/image?url=%2Fimg.jpg&w=64&q=75"
              srcset="/_next/image?url=%2Fimg.jpg&w=32&q=75 1x, /_next/image?url=%2Fimg.jpg&w=64&q=75 2x"
              style="color: transparent;"
              width="25"
            />
            <span>
              겨울
            </span>
          </li>
        </ul>
        <div
          class="relative mt-2 w-2/3"
        >
          <img
            alt="지도"
            class="w-full"
            data-nimg="1"
            decoding="async"
            height="10000"
            loading="lazy"
            src="/_next/image?url=%2Fimg.jpg&w=3840&q=75"
            srcset="/_next/image?url=%2Fimg.jpg&w=3840&q=75 1x"
            style="color: transparent;"
            width="10000"
          />
          <a
            href="/article/list?location=서울&seasons=spring"
          >
            <span
              class="rounded-full md:px-5 sm:px-4 px-3 py-1 md:py-0.5 border absolute bg-white hover:bg-gray-100 md:text-base sm:text-sm text-xs cursor-pointer top-[20%] left-[25%]"
            >
              3
            </span>
          </a>
          <a
            href="/article/list?location=경기/인천&seasons=spring"
          >
            <span
              class="rounded-full md:px-5 sm:px-4 px-3 py-1 md:py-0.5 border absolute bg-white hover:bg-gray-100 md:text-base sm:text-sm text-xs cursor-pointer top-[26%] left-[32%]"
            >
              3
            </span>
          </a>
          <a
            href="/article/list?location=강원&seasons=spring"
          >
            <span
              class="rounded-full md:px-5 sm:px-4 px-3 py-1 md:py-0.5 border absolute bg-white hover:bg-gray-100 md:text-base sm:text-sm text-xs cursor-pointer top-[16%] left-[55%]"
            >
              0
            </span>
          </a>
          <a
            href="/article/list?location=충청/대전&seasons=spring"
          >
            <span
              class="rounded-full md:px-5 sm:px-4 px-3 py-1 md:py-0.5 border absolute bg-white hover:bg-gray-100 md:text-base sm:text-sm text-xs cursor-pointer top-[40%] left-[30%]"
            >
              0
            </span>
          </a>
          <a
            href="/article/list?location=경북/대구&seasons=spring"
          >
            <span
              class="rounded-full md:px-5 sm:px-4 px-3 py-1 md:py-0.5 border absolute bg-white hover:bg-gray-100 md:text-base sm:text-sm text-xs cursor-pointer top-[45%] left-[65%]"
            >
              0
            </span>
          </a>
          <a
            href="/article/list?location=전라/광주&seasons=spring"
          >
            <span
              class="rounded-full md:px-5 sm:px-4 px-3 py-1 md:py-0.5 border absolute bg-white hover:bg-gray-100 md:text-base sm:text-sm text-xs cursor-pointer top-[64%] left-[23%]"
            >
              0
            </span>
          </a>
          <a
            href="/article/list?location=경남/울산/부산&seasons=spring"
          >
            <span
              class="rounded-full md:px-5 sm:px-4 px-3 py-1 md:py-0.5 border absolute bg-white hover:bg-gray-100 md:text-base sm:text-sm text-xs cursor-pointer top-[65%] left-[53%]"
            >
              1
            </span>
          </a>
          <a
            href="/article/list?location=제주&seasons=spring"
          >
            <span
              class="rounded-full md:px-5 sm:px-4 px-3 py-1 md:py-0.5 border absolute bg-white hover:bg-gray-100 md:text-base sm:text-sm text-xs cursor-pointer top-[92.5%] left-[21%]"
            >
              0
            </span>
          </a>
        </div>
      </section>
    </div>
  </body>,
  "container": <div>
    <section
      class="flex flex-col items-center"
    >
      <ul
        class="flex justify-around items-center lg:gap-4 md:gap-3 gap-2"
      >
        <li
          class="flex justify-center items-center md:gap-2 gap-1 md:py-2.5 sm:py-2 py-1.5 md:w-40 sm:w-28 w-20 cursor-pointer rounded-full border text-gray-900 md:text-base text-sm border-spring bg-spring"
        >
          <img
            alt="봄 아이콘"
            class="md:w-7 md:h-7 w-5 h-5"
            data-nimg="1"
            decoding="async"
            height="25"
            loading="lazy"
            src="/_next/image?url=%2Fimg.jpg&w=64&q=75"
            srcset="/_next/image?url=%2Fimg.jpg&w=32&q=75 1x, /_next/image?url=%2Fimg.jpg&w=64&q=75 2x"
            style="color: transparent;"
            width="25"
          />
          <span>
            봄
          </span>
        </li>
        <li
          class="flex justify-center items-center md:gap-2 gap-1 md:py-2.5 sm:py-2 py-1.5 md:w-40 sm:w-28 w-20 cursor-pointer rounded-full border text-gray-900 md:text-base text-sm bg-white"
        >
          <img
            alt="여름 아이콘"
            class="md:w-7 md:h-7 w-5 h-5"
            data-nimg="1"
            decoding="async"
            height="25"
            loading="lazy"
            src="/_next/image?url=%2Fimg.jpg&w=64&q=75"
            srcset="/_next/image?url=%2Fimg.jpg&w=32&q=75 1x, /_next/image?url=%2Fimg.jpg&w=64&q=75 2x"
            style="color: transparent;"
            width="25"
          />
          <span>
            여름
          </span>
        </li>
        <li
          class="flex justify-center items-center md:gap-2 gap-1 md:py-2.5 sm:py-2 py-1.5 md:w-40 sm:w-28 w-20 cursor-pointer rounded-full border text-gray-900 md:text-base text-sm bg-white"
        >
          <img
            alt="가을 아이콘"
            class="md:w-7 md:h-7 w-5 h-5"
            data-nimg="1"
            decoding="async"
            height="25"
            loading="lazy"
            src="/_next/image?url=%2Fimg.jpg&w=64&q=75"
            srcset="/_next/image?url=%2Fimg.jpg&w=32&q=75 1x, /_next/image?url=%2Fimg.jpg&w=64&q=75 2x"
            style="color: transparent;"
            width="25"
          />
          <span>
            가을
          </span>
        </li>
        <li
          class="flex justify-center items-center md:gap-2 gap-1 md:py-2.5 sm:py-2 py-1.5 md:w-40 sm:w-28 w-20 cursor-pointer rounded-full border text-gray-900 md:text-base text-sm bg-white"
        >
          <img
            alt="겨울 아이콘"
            class="md:w-7 md:h-7 w-5 h-5"
            data-nimg="1"
            decoding="async"
            height="25"
            loading="lazy"
            src="/_next/image?url=%2Fimg.jpg&w=64&q=75"
            srcset="/_next/image?url=%2Fimg.jpg&w=32&q=75 1x, /_next/image?url=%2Fimg.jpg&w=64&q=75 2x"
            style="color: transparent;"
            width="25"
          />
          <span>
            겨울
          </span>
        </li>
      </ul>
      <div
        class="relative mt-2 w-2/3"
      >
        <img
          alt="지도"
          class="w-full"
          data-nimg="1"
          decoding="async"
          height="10000"
          loading="lazy"
          src="/_next/image?url=%2Fimg.jpg&w=3840&q=75"
          srcset="/_next/image?url=%2Fimg.jpg&w=3840&q=75 1x"
          style="color: transparent;"
          width="10000"
        />
        <a
          href="/article/list?location=서울&seasons=spring"
        >
          <span
            class="rounded-full md:px-5 sm:px-4 px-3 py-1 md:py-0.5 border absolute bg-white hover:bg-gray-100 md:text-base sm:text-sm text-xs cursor-pointer top-[20%] left-[25%]"
          >
            3
          </span>
        </a>
        <a
          href="/article/list?location=경기/인천&seasons=spring"
        >
          <span
            class="rounded-full md:px-5 sm:px-4 px-3 py-1 md:py-0.5 border absolute bg-white hover:bg-gray-100 md:text-base sm:text-sm text-xs cursor-pointer top-[26%] left-[32%]"
          >
            3
          </span>
        </a>
        <a
          href="/article/list?location=강원&seasons=spring"
        >
          <span
            class="rounded-full md:px-5 sm:px-4 px-3 py-1 md:py-0.5 border absolute bg-white hover:bg-gray-100 md:text-base sm:text-sm text-xs cursor-pointer top-[16%] left-[55%]"
          >
            0
          </span>
        </a>
        <a
          href="/article/list?location=충청/대전&seasons=spring"
        >
          <span
            class="rounded-full md:px-5 sm:px-4 px-3 py-1 md:py-0.5 border absolute bg-white hover:bg-gray-100 md:text-base sm:text-sm text-xs cursor-pointer top-[40%] left-[30%]"
          >
            0
          </span>
        </a>
        <a
          href="/article/list?location=경북/대구&seasons=spring"
        >
          <span
            class="rounded-full md:px-5 sm:px-4 px-3 py-1 md:py-0.5 border absolute bg-white hover:bg-gray-100 md:text-base sm:text-sm text-xs cursor-pointer top-[45%] left-[65%]"
          >
            0
          </span>
        </a>
        <a
          href="/article/list?location=전라/광주&seasons=spring"
        >
          <span
            class="rounded-full md:px-5 sm:px-4 px-3 py-1 md:py-0.5 border absolute bg-white hover:bg-gray-100 md:text-base sm:text-sm text-xs cursor-pointer top-[64%] left-[23%]"
          >
            0
          </span>
        </a>
        <a
          href="/article/list?location=경남/울산/부산&seasons=spring"
        >
          <span
            class="rounded-full md:px-5 sm:px-4 px-3 py-1 md:py-0.5 border absolute bg-white hover:bg-gray-100 md:text-base sm:text-sm text-xs cursor-pointer top-[65%] left-[53%]"
          >
            1
          </span>
        </a>
        <a
          href="/article/list?location=제주&seasons=spring"
        >
          <span
            class="rounded-full md:px-5 sm:px-4 px-3 py-1 md:py-0.5 border absolute bg-white hover:bg-gray-100 md:text-base sm:text-sm text-xs cursor-pointer top-[92.5%] left-[21%]"
          >
            0
          </span>
        </a>
      </div>
    </section>
  </div>,
  "debug": [Function],
  "findAllByAltText": [Function],
  "findAllByDisplayValue": [Function],
  "findAllByLabelText": [Function],
  "findAllByPlaceholderText": [Function],
  "findAllByRole": [Function],
  "findAllByTestId": [Function],
  "findAllByText": [Function],
  "findAllByTitle": [Function],
  "findByAltText": [Function],
  "findByDisplayValue": [Function],
  "findByLabelText": [Function],
  "findByPlaceholderText": [Function],
  "findByRole": [Function],
  "findByTestId": [Function],
  "findByText": [Function],
  "findByTitle": [Function],
  "getAllByAltText": [Function],
  "getAllByDisplayValue": [Function],
  "getAllByLabelText": [Function],
  "getAllByPlaceholderText": [Function],
  "getAllByRole": [Function],
  "getAllByTestId": [Function],
  "getAllByText": [Function],
  "getAllByTitle": [Function],
  "getByAltText": [Function],
  "getByDisplayValue": [Function],
  "getByLabelText": [Function],
  "getByPlaceholderText": [Function],
  "getByRole": [Function],
  "getByTestId": [Function],
  "getByText": [Function],
  "getByTitle": [Function],
  "queryAllByAltText": [Function],
  "queryAllByDisplayValue": [Function],
  "queryAllByLabelText": [Function],
  "queryAllByPlaceholderText": [Function],
  "queryAllByRole": [Function],
  "queryAllByTestId": [Function],
  "queryAllByText": [Function],
  "queryAllByTitle": [Function],
  "queryByAltText": [Function],
  "queryByDisplayValue": [Function],
  "queryByLabelText": [Function],
  "queryByPlaceholderText": [Function],
  "queryByRole": [Function],
  "queryByTestId": [Function],
  "queryByText": [Function],
  "queryByTitle": [Function],
  "rerender": [Function],
  "unmount": [Function],
}
`;
